// Vitest Snapshot v1, https://vitest.dev/guide/snapshot.html

exports[`reportToRowHeaders > matches the known Lighthouse column list 1`] = `
[
  "Requested URL",
  "Final URL",
  "performance: Overall Category Score",
  "performance: first-contentful-paint",
  "performance: largest-contentful-paint",
  "performance: total-blocking-time",
  "performance: cumulative-layout-shift",
  "performance: speed-index",
  "performance: cache-insight",
  "performance: cls-culprits-insight",
  "performance: document-latency-insight",
  "performance: dom-size-insight",
  "performance: duplicated-javascript-insight",
  "performance: font-display-insight",
  "performance: forced-reflow-insight",
  "performance: image-delivery-insight",
  "performance: inp-breakdown-insight",
  "performance: lcp-breakdown-insight",
  "performance: lcp-discovery-insight",
  "performance: legacy-javascript-insight",
  "performance: modern-http-insight",
  "performance: network-dependency-tree-insight",
  "performance: render-blocking-insight",
  "performance: third-parties-insight",
  "performance: viewport-insight",
  "performance: interactive",
  "performance: max-potential-fid",
  "performance: unminified-css",
  "performance: unminified-javascript",
  "performance: unused-css-rules",
  "performance: unused-javascript",
  "performance: total-byte-weight",
  "performance: user-timings",
  "performance: bootup-time",
  "performance: mainthread-work-breakdown",
  "performance: long-tasks",
  "performance: non-composited-animations",
  "performance: unsized-images",
  "performance: bf-cache",
  "performance: network-requests",
  "performance: network-rtt",
  "performance: network-server-latency",
  "performance: main-thread-tasks",
  "performance: diagnostics",
  "performance: metrics",
  "performance: screenshot-thumbnails",
  "performance: final-screenshot",
  "performance: script-treemap-data",
  "performance: resource-summary",
  "performance: redirects",
  "performance: server-response-time",
  "performance: layout-shifts",
]
`;
